// Jest Snapshot v1, https://goo.gl/fbAQLP

exports[`List tests renders default list text 1`] = `ShallowWrapper {}`;
